创建SSH Key：

$ ssh-keygen -t rsa -C "youremail@example.com"

小结

要关联一个远程库，使用命令git remote add origin git@server-name:path/repo-name.git；

关联后，使用命令git push -u origin master第一次推送master分支的所有内容；

此后，每次本地提交后，只要有必要，就可以使用命令git push origin master推送最新修改；

cd learngitt push origin <tagname>可以推送一个本地标签；

命令git push origin --tags可以推送全部未推送过的本地标签；

命令git tag -d <tagname>可以删除一个本地标签；

命令git push origin :refs/tags/<tagname>可以删除一个远程标签。


pwd

git init
git add xxx
git commit -m "xxx"
git status
git diff xxx
git log
git reflog

git reset --hard head^
git reset --hard 12345

git checkout -- file命令中的--很重要，没有--，就变成了“切换到另一个分支”的命令

场景1：当你改乱了工作区某个文件的内容，想直接丢弃工作区的修改时，用命令git checkout -- file。

场景2：当你不但改乱了工作区某个文件的内容，还添加到了暂存区时，想丢弃修改，分两步，第一步用命令git reset HEAD file，就回到了场景1，第二步按场景1操作。

echo aa>test.txt

ssh-keygen -t rsa -C"601765302@qq.com"
git remote add origin git@github.com:laogoo/learngit.git
git push -u origin master

git clone克隆一个本地库：$ git clone git@github.com:michaelliao/gitskills.git


创建dev分支，然后切换到dev分支：
$ git checkout -b dev
Switched to a new branch 'dev'

git checkout命令加上-b参数表示创建并切换，相当于以下两条命令：
$ git branch dev
$ git checkout dev
Switched to branch 'dev'

用git branch命令查看当前分支：
$ git branch
* dev
  master

把dev分支的工作成果合并到master分支上：
$ git merge dev

删除dev分支了：
$ git branch -d dev

Git鼓励大量使用分支：

查看分支：git branch

创建分支：git branch <name>

切换分支：git checkout <name>

创建+切换分支：git checkout -b <name>

合并某分支到当前分支：git merge <name>

删除分支：git branch -d <name>

pull：本地 <-- 远程
push：本地 --> 远程

本质上都是同步commit

如果你本地落后远程，必然要pull
如果你本地超前远程，必然要push

test
<<<<<<< HEAD
&simple
=======
creating a new branch is quick AND simple
>>>>>>> branch

git merge --no-ff -m "merge with no-ff"dev 

Git还提供了一个stash功能，可以把当前工作现场“储藏”起来，等以后恢复现场后继续工作：
$ git stash

$ git stash list

一是用git stash apply恢复，但是恢复后，stash内容并不删除，你需要用git stash drop来删除；

另一种方式是用git stash pop，恢复的同时把stash内容也删了：

查看远程库的信息，用git remote -v

推送分支：$ git push origin master

多人协作的工作模式通常是这样：

首先，可以试图用git push origin branch-name推送自己的修改；

如果推送失败，则因为远程分支比你的本地更新，需要先用git pull试图合并；

如果合并有冲突，则解决冲突，并在本地提交；

没有冲突或者解决掉冲突后，再用git push origin branch-name推送就能成功！

如果git pull提示“no tracking information”，则说明本地分支和远程分支的链接关系没有创建，用命令git branch --set-upstream branch-name origin/branch-name。

小结

查看远程库信息，使用git remote -v；

本地新建的分支如果不推送到远程，对其他人就是不可见的；

从本地推送分支，使用git push origin branch-name，如果推送失败，先用git pull抓取远程的新提交；

在本地创建和远程分支对应的分支，使用git checkout -b branch-name origin/branch-name，本地和远程分支的名称最好一致；

建立本地分支和远程分支的关联，使用git branch --set-upstream branch-name origin/branch-name；

从远程抓取分支，使用git pull，如果有冲突，要先处理冲突。

创建标签

阅读: 160793
在Git中打标签非常简单，首先，切换到需要打标签的分支上：

$ git branch
* dev
  master
$ git checkout master
Switched to branch 'master'
然后，敲命令git tag <name>就可以打一个新标签：

$ git tag v1.0
可以用命令git tag查看所有标签：

$ git tag
v1.0
默认标签是打在最新提交的commit上的。有时候，如果忘了打标签，比如，现在已经是周五了，但应该在周一打的标签没有打，怎么办？

方法是找到历史提交的commit id，然后打上就可以了：

$ git log --pretty=oneline --abbrev-commit
6a5819e merged bug fix 101
cc17032 fix bug 101
7825a50 merge with no-ff
6224937 add merge
59bc1cb conflict fixed
400b400 & simple
75a857c AND simple
fec145a branch test
d17efd8 remove test.txt
...
比方说要对add merge这次提交打标签，它对应的commit id是6224937，敲入命令：

$ git tag v0.9 6224937
再用命令git tag查看标签：

$ git tag
v0.9
v1.0
注意，标签不是按时间顺序列出，而是按字母排序的。可以用git show <tagname>查看标签信息：

$ git show v0.9
commit 622493706ab447b6bb37e4e2a2f276a20fed2ab4
Author: Michael Liao <askxuefeng@gmail.com>
Date:   Thu Aug 22 11:22:08 2013 +0800

    add merge
...
可以看到，v0.9确实打在add merge这次提交上。

还可以创建带有说明的标签，用-a指定标签名，-m指定说明文字：

$ git tag -a v0.1 -m "version 0.1 released" 3628164
用命令git show <tagname>可以看到说明文字：

$ git show v0.1
tag v0.1
Tagger: Michael Liao <askxuefeng@gmail.com>
Date:   Mon Aug 26 07:28:11 2013 +0800

version 0.1 released

commit 3628164fb26d48395383f8f31179f24e0882e1e0
Author: Michael Liao <askxuefeng@gmail.com>
Date:   Tue Aug 20 15:11:49 2013 +0800

    append GPL
还可以通过-s用私钥签名一个标签：

$ git tag -s v0.2 -m "signed version 0.2 released" fec145a
签名采用PGP签名，因此，必须首先安装gpg（GnuPG），如果没有找到gpg，或者没有gpg密钥对，就会报错：

gpg: signing failed: secret key not available
error: gpg failed to sign the data
error: unable to sign the tag
如果报错，请参考GnuPG帮助文档配置Key。

用命令git show <tagname>可以看到PGP签名信息：

$ git show v0.2
tag v0.2
Tagger: Michael Liao <askxuefeng@gmail.com>
Date:   Mon Aug 26 07:28:33 2013 +0800

signed version 0.2 released
-----BEGIN PGP SIGNATURE-----
Version: GnuPG v1.4.12 (Darwin)

iQEcBAABAgAGBQJSGpMhAAoJEPUxHyDAhBpT4QQIAKeHfR3bo...
-----END PGP SIGNATURE-----

commit fec145accd63cdc9ed95a2f557ea0658a2a6537f
Author: Michael Liao <askxuefeng@gmail.com>
Date:   Thu Aug 22 10:37:30 2013 +0800

    branch test
用PGP签名的标签是不可伪造的，因为可以验证PGP签名。验证签名的方法比较复杂，这里就不介绍了。


小结

命令git tag <name>用于新建一个标签，默认为HEAD，也可以指定一个commit id；

git tag -a <tagname> -m "blablabla..."可以指定标签信息；

git tag -s <tagname> -m "blablabla..."可以用PGP签名标签；

命令git tag可以查看所有标签。


小结

命令git push origin <tagname>可以推送一个本地标签；

命令git push origin --tags可以推送全部未推送过的本地标签；

命令git tag -d <tagname>可以删除一个本地标签；

命令git push origin :refs/tags/<tagname>可以删除一个远程标签。


